Archive member included because of file (symbol)

c:/sdk/imt_sdk_win_64/imt_sdk_win_64/winavr/bin/../lib/gcc/avr/4.3.3/avr5\libgcc.a(_udivmodhi4.o)
                              ./HAL/ServoMotor/ServoMotor.o (__udivmodhi4)
c:/sdk/imt_sdk_win_64/imt_sdk_win_64/winavr/bin/../lib/gcc/avr/4.3.3/avr5\libgcc.a(_udivmodsi4.o)
                              ./HAL/ColorSensor_Driver/ColorSensor.o (__udivmodsi4)
c:/sdk/imt_sdk_win_64/imt_sdk_win_64/winavr/bin/../lib/gcc/avr/4.3.3/avr5\libgcc.a(_exit.o)
                              c:/sdk/imt_sdk_win_64/imt_sdk_win_64/winavr/bin/../lib/gcc/avr/4.3.3/../../../../avr/lib/avr5/crtm32.o (exit)
c:/sdk/imt_sdk_win_64/imt_sdk_win_64/winavr/bin/../lib/gcc/avr/4.3.3/avr5\libgcc.a(_copy_data.o)
                              ./src/main.o (__do_copy_data)
c:/sdk/imt_sdk_win_64/imt_sdk_win_64/winavr/bin/../lib/gcc/avr/4.3.3/avr5\libgcc.a(_clear_bss.o)
                              ./src/main.o (__do_clear_bss)
c:/sdk/imt_sdk_win_64/imt_sdk_win_64/winavr/bin/../lib/gcc/avr/4.3.3/avr5\libgcc.a(_fixunssfsi.o)
                              ./src/main.o (__fixunssfsi)
c:/sdk/imt_sdk_win_64/imt_sdk_win_64/winavr/bin/../lib/gcc/avr/4.3.3/avr5\libgcc.a(_addsub_sf.o)
                              c:/sdk/imt_sdk_win_64/imt_sdk_win_64/winavr/bin/../lib/gcc/avr/4.3.3/avr5\libgcc.a(_fixunssfsi.o) (__subsf3)
c:/sdk/imt_sdk_win_64/imt_sdk_win_64/winavr/bin/../lib/gcc/avr/4.3.3/avr5\libgcc.a(_mul_sf.o)
                              ./src/main.o (__mulsf3)
c:/sdk/imt_sdk_win_64/imt_sdk_win_64/winavr/bin/../lib/gcc/avr/4.3.3/avr5\libgcc.a(_div_sf.o)
                              ./HAL/StepperMotor_Driver/StepperMotor.o (__divsf3)
c:/sdk/imt_sdk_win_64/imt_sdk_win_64/winavr/bin/../lib/gcc/avr/4.3.3/avr5\libgcc.a(_eq_sf.o)
                              ./MCAL/ADC_Driver/ADC_interface.o (__eqsf2)
c:/sdk/imt_sdk_win_64/imt_sdk_win_64/winavr/bin/../lib/gcc/avr/4.3.3/avr5\libgcc.a(_gt_sf.o)
                              ./src/main.o (__gtsf2)
c:/sdk/imt_sdk_win_64/imt_sdk_win_64/winavr/bin/../lib/gcc/avr/4.3.3/avr5\libgcc.a(_ge_sf.o)
                              c:/sdk/imt_sdk_win_64/imt_sdk_win_64/winavr/bin/../lib/gcc/avr/4.3.3/avr5\libgcc.a(_fixunssfsi.o) (__gesf2)
c:/sdk/imt_sdk_win_64/imt_sdk_win_64/winavr/bin/../lib/gcc/avr/4.3.3/avr5\libgcc.a(_lt_sf.o)
                              ./src/main.o (__ltsf2)
c:/sdk/imt_sdk_win_64/imt_sdk_win_64/winavr/bin/../lib/gcc/avr/4.3.3/avr5\libgcc.a(_sf_to_si.o)
                              c:/sdk/imt_sdk_win_64/imt_sdk_win_64/winavr/bin/../lib/gcc/avr/4.3.3/avr5\libgcc.a(_fixunssfsi.o) (__fixsfsi)
c:/sdk/imt_sdk_win_64/imt_sdk_win_64/winavr/bin/../lib/gcc/avr/4.3.3/avr5\libgcc.a(_thenan_sf.o)
                              c:/sdk/imt_sdk_win_64/imt_sdk_win_64/winavr/bin/../lib/gcc/avr/4.3.3/avr5\libgcc.a(_addsub_sf.o) (__thenan_sf)
c:/sdk/imt_sdk_win_64/imt_sdk_win_64/winavr/bin/../lib/gcc/avr/4.3.3/avr5\libgcc.a(_usi_to_sf.o)
                              ./HAL/StepperMotor_Driver/StepperMotor.o (__floatunsisf)
c:/sdk/imt_sdk_win_64/imt_sdk_win_64/winavr/bin/../lib/gcc/avr/4.3.3/avr5\libgcc.a(_prologue.o)
                              c:/sdk/imt_sdk_win_64/imt_sdk_win_64/winavr/bin/../lib/gcc/avr/4.3.3/avr5\libgcc.a(_addsub_sf.o) (__prologue_saves__)
c:/sdk/imt_sdk_win_64/imt_sdk_win_64/winavr/bin/../lib/gcc/avr/4.3.3/avr5\libgcc.a(_epilogue.o)
                              c:/sdk/imt_sdk_win_64/imt_sdk_win_64/winavr/bin/../lib/gcc/avr/4.3.3/avr5\libgcc.a(_addsub_sf.o) (__epilogue_restores__)
c:/sdk/imt_sdk_win_64/imt_sdk_win_64/winavr/bin/../lib/gcc/avr/4.3.3/avr5\libgcc.a(_clzsi2.o)
                              c:/sdk/imt_sdk_win_64/imt_sdk_win_64/winavr/bin/../lib/gcc/avr/4.3.3/avr5\libgcc.a(_usi_to_sf.o) (__clzsi2)
c:/sdk/imt_sdk_win_64/imt_sdk_win_64/winavr/bin/../lib/gcc/avr/4.3.3/avr5\libgcc.a(_pack_sf.o)
                              c:/sdk/imt_sdk_win_64/imt_sdk_win_64/winavr/bin/../lib/gcc/avr/4.3.3/avr5\libgcc.a(_addsub_sf.o) (__pack_f)
c:/sdk/imt_sdk_win_64/imt_sdk_win_64/winavr/bin/../lib/gcc/avr/4.3.3/avr5\libgcc.a(_unpack_sf.o)
                              c:/sdk/imt_sdk_win_64/imt_sdk_win_64/winavr/bin/../lib/gcc/avr/4.3.3/avr5\libgcc.a(_addsub_sf.o) (__unpack_f)
c:/sdk/imt_sdk_win_64/imt_sdk_win_64/winavr/bin/../lib/gcc/avr/4.3.3/avr5\libgcc.a(_fpcmp_parts_sf.o)
                              c:/sdk/imt_sdk_win_64/imt_sdk_win_64/winavr/bin/../lib/gcc/avr/4.3.3/avr5\libgcc.a(_eq_sf.o) (__fpcmp_parts_f)
c:/sdk/imt_sdk_win_64/imt_sdk_win_64/winavr/bin/../lib/gcc/avr/4.3.3/avr5\libgcc.a(_clz.o)
                              c:/sdk/imt_sdk_win_64/imt_sdk_win_64/winavr/bin/../lib/gcc/avr/4.3.3/avr5\libgcc.a(_clzsi2.o) (__clz_tab)
c:/sdk/imt_sdk_win_64/imt_sdk_win_64/winavr/bin/../lib/gcc/avr/4.3.3/../../../../avr/lib/avr5\libc.a(itoa.o)
                              ./HAL/LCD_Driver/lcd.o (itoa)
c:/sdk/imt_sdk_win_64/imt_sdk_win_64/winavr/bin/../lib/gcc/avr/4.3.3/../../../../avr/lib/avr5\libc.a(sprintf.o)
                              ./HAL/LCD_Driver/lcd.o (sprintf)
c:/sdk/imt_sdk_win_64/imt_sdk_win_64/winavr/bin/../lib/gcc/avr/4.3.3/../../../../avr/lib/avr5\libc.a(vfprintf_std.o)
                              c:/sdk/imt_sdk_win_64/imt_sdk_win_64/winavr/bin/../lib/gcc/avr/4.3.3/../../../../avr/lib/avr5\libc.a(sprintf.o) (vfprintf)
c:/sdk/imt_sdk_win_64/imt_sdk_win_64/winavr/bin/../lib/gcc/avr/4.3.3/../../../../avr/lib/avr5\libc.a(strnlen_P.o)
                              c:/sdk/imt_sdk_win_64/imt_sdk_win_64/winavr/bin/../lib/gcc/avr/4.3.3/../../../../avr/lib/avr5\libc.a(vfprintf_std.o) (strnlen_P)
c:/sdk/imt_sdk_win_64/imt_sdk_win_64/winavr/bin/../lib/gcc/avr/4.3.3/../../../../avr/lib/avr5\libc.a(strnlen.o)
                              c:/sdk/imt_sdk_win_64/imt_sdk_win_64/winavr/bin/../lib/gcc/avr/4.3.3/../../../../avr/lib/avr5\libc.a(vfprintf_std.o) (strnlen)
c:/sdk/imt_sdk_win_64/imt_sdk_win_64/winavr/bin/../lib/gcc/avr/4.3.3/../../../../avr/lib/avr5\libc.a(strrev.o)
                              c:/sdk/imt_sdk_win_64/imt_sdk_win_64/winavr/bin/../lib/gcc/avr/4.3.3/../../../../avr/lib/avr5\libc.a(itoa.o) (strrev)
c:/sdk/imt_sdk_win_64/imt_sdk_win_64/winavr/bin/../lib/gcc/avr/4.3.3/../../../../avr/lib/avr5\libc.a(fputc.o)
                              c:/sdk/imt_sdk_win_64/imt_sdk_win_64/winavr/bin/../lib/gcc/avr/4.3.3/../../../../avr/lib/avr5\libc.a(vfprintf_std.o) (fputc)
c:/sdk/imt_sdk_win_64/imt_sdk_win_64/winavr/bin/../lib/gcc/avr/4.3.3/../../../../avr/lib/avr5\libc.a(ultoa_invert.o)
                              c:/sdk/imt_sdk_win_64/imt_sdk_win_64/winavr/bin/../lib/gcc/avr/4.3.3/../../../../avr/lib/avr5\libc.a(vfprintf_std.o) (__ultoa_invert)

Allocating common symbols
Common symbol       size              file

DETECTION_VTH       0x4               ./HAL/ColorSensor_Driver/ColorSensor.o
background_level    0x4               ./HAL/ColorSensor_Driver/ColorSensor.o

Memory Configuration

Name             Origin             Length             Attributes
text             0x00000000         0x00020000         xr
data             0x00800060         0x0000ffa0         rw !x
eeprom           0x00810000         0x00010000         rw !x
fuse             0x00820000         0x00000400         rw !x
lock             0x00830000         0x00000400         rw !x
signature        0x00840000         0x00000400         rw !x
*default*        0x00000000         0xffffffff

Linker script and memory map

LOAD c:/sdk/imt_sdk_win_64/imt_sdk_win_64/winavr/bin/../lib/gcc/avr/4.3.3/../../../../avr/lib/avr5/crtm32.o
LOAD ./src/main.o
LOAD ./MCAL/UART_Driver/UART_interface.o
LOAD ./MCAL/Timers_Driver/Timer0.o
LOAD ./MCAL/Timers_Driver/Timer1.o
LOAD ./MCAL/TWI_Driver/TWI_interface.o
LOAD ./MCAL/SPI_Driver/SPI_inetrface.o
LOAD ./MCAL/External_Interrupts_Driver/INT_interface.o
LOAD ./MCAL/DIO_Driver/DIO_interface.o
LOAD ./MCAL/ADC_Driver/ADC_interface.o
LOAD ./HAL/StepperMotor_Driver/StepperMotor.o
LOAD ./HAL/ServoMotor/ServoMotor.o
LOAD ./HAL/LM35_Driver/LM35.o
LOAD ./HAL/LDR_Driver/LDR.o
LOAD ./HAL/LCD_Driver/lcd.o
LOAD ./HAL/KeyPad_Driver/keypad.o
LOAD ./HAL/EXTERNAL_EEPROM_DRIVER/external_eeprom.o
LOAD ./HAL/DcMotor_Driver/DcMotor.o
LOAD ./HAL/ColorSensor_Driver/ColorSensor.o
LOAD c:/sdk/imt_sdk_win_64/imt_sdk_win_64/winavr/bin/../lib/gcc/avr/4.3.3/avr5\libgcc.a
LOAD c:/sdk/imt_sdk_win_64/imt_sdk_win_64/winavr/bin/../lib/gcc/avr/4.3.3/../../../../avr/lib/avr5\libc.a
LOAD c:/sdk/imt_sdk_win_64/imt_sdk_win_64/winavr/bin/../lib/gcc/avr/4.3.3/avr5\libgcc.a

.hash
 *(.hash)

.dynsym
 *(.dynsym)

.dynstr
 *(.dynstr)

.gnu.version
 *(.gnu.version)

.gnu.version_d
 *(.gnu.version_d)

.gnu.version_r
 *(.gnu.version_r)

.rel.init
 *(.rel.init)

.rela.init
 *(.rela.init)

.rel.text
 *(.rel.text)
 *(.rel.text.*)
 *(.rel.gnu.linkonce.t*)

.rela.text
 *(.rela.text)
 *(.rela.text.*)
 *(.rela.gnu.linkonce.t*)

.rel.fini
 *(.rel.fini)

.rela.fini
 *(.rela.fini)

.rel.rodata
 *(.rel.rodata)
 *(.rel.rodata.*)
 *(.rel.gnu.linkonce.r*)

.rela.rodata
 *(.rela.rodata)
 *(.rela.rodata.*)
 *(.rela.gnu.linkonce.r*)

.rel.data
 *(.rel.data)
 *(.rel.data.*)
 *(.rel.gnu.linkonce.d*)

.rela.data
 *(.rela.data)
 *(.rela.data.*)
 *(.rela.gnu.linkonce.d*)

.rel.ctors
 *(.rel.ctors)

.rela.ctors
 *(.rela.ctors)

.rel.dtors
 *(.rel.dtors)

.rela.dtors
 *(.rela.dtors)

.rel.got
 *(.rel.got)

.rela.got
 *(.rela.got)

.rel.bss
 *(.rel.bss)

.rela.bss
 *(.rela.bss)

.rel.plt
 *(.rel.plt)

.rela.plt
 *(.rela.plt)

.text           0x00000000     0x61de
 *(.vectors)
 .vectors       0x00000000       0x54 c:/sdk/imt_sdk_win_64/imt_sdk_win_64/winavr/bin/../lib/gcc/avr/4.3.3/../../../../avr/lib/avr5/crtm32.o
                0x00000000                __vectors
                0x00000000                __vector_default
 *(.vectors)
 *(.progmem.gcc*)
 *(.progmem*)
                0x00000054                . = ALIGN (0x2)
                0x00000054                __trampolines_start = .
 *(.trampolines)
 .trampolines   0x00000054        0x0 linker stubs
 *(.trampolines*)
                0x00000054                __trampolines_end = .
 *(.jumptables)
 *(.jumptables*)
 *(.lowtext)
 *(.lowtext*)
                0x00000054                __ctors_start = .
 *(.ctors)
                0x00000054                __ctors_end = .
                0x00000054                __dtors_start = .
 *(.dtors)
                0x00000054                __dtors_end = .
 SORT(*)(.ctors)
 SORT(*)(.dtors)
 *(.init0)
 .init0         0x00000054        0x0 c:/sdk/imt_sdk_win_64/imt_sdk_win_64/winavr/bin/../lib/gcc/avr/4.3.3/../../../../avr/lib/avr5/crtm32.o
                0x00000054                __init
 *(.init0)
 *(.init1)
 *(.init1)
 *(.init2)
 .init2         0x00000054        0xc c:/sdk/imt_sdk_win_64/imt_sdk_win_64/winavr/bin/../lib/gcc/avr/4.3.3/../../../../avr/lib/avr5/crtm32.o
 *(.init2)
 *(.init3)
 *(.init3)
 *(.init4)
 .init4         0x00000060       0x16 c:/sdk/imt_sdk_win_64/imt_sdk_win_64/winavr/bin/../lib/gcc/avr/4.3.3/avr5\libgcc.a(_copy_data.o)
                0x00000060                __do_copy_data
 .init4         0x00000076       0x10 c:/sdk/imt_sdk_win_64/imt_sdk_win_64/winavr/bin/../lib/gcc/avr/4.3.3/avr5\libgcc.a(_clear_bss.o)
                0x00000076                __do_clear_bss
 *(.init4)
 *(.init5)
 *(.init5)
 *(.init6)
 *(.init6)
 *(.init7)
 *(.init7)
 *(.init8)
 *(.init8)
 *(.init9)
 .init9         0x00000086        0x8 c:/sdk/imt_sdk_win_64/imt_sdk_win_64/winavr/bin/../lib/gcc/avr/4.3.3/../../../../avr/lib/avr5/crtm32.o
 *(.init9)
 *(.text)
 .text          0x0000008e        0x4 c:/sdk/imt_sdk_win_64/imt_sdk_win_64/winavr/bin/../lib/gcc/avr/4.3.3/../../../../avr/lib/avr5/crtm32.o
                0x0000008e                __vector_12
                0x0000008e                __bad_interrupt
                0x0000008e                __vector_6
                0x0000008e                __vector_13
                0x0000008e                __vector_17
                0x0000008e                __vector_19
                0x0000008e                __vector_5
                0x0000008e                __vector_4
                0x0000008e                __vector_15
                0x0000008e                __vector_8
                0x0000008e                __vector_14
                0x0000008e                __vector_16
                0x0000008e                __vector_18
                0x0000008e                __vector_20
 .text          0x00000092        0x0 ./src/main.o
 .text          0x00000092        0x0 ./MCAL/UART_Driver/UART_interface.o
 .text          0x00000092        0x0 ./MCAL/Timers_Driver/Timer0.o
 .text          0x00000092        0x0 ./MCAL/Timers_Driver/Timer1.o
 .text          0x00000092        0x0 ./MCAL/TWI_Driver/TWI_interface.o
 .text          0x00000092        0x0 ./MCAL/SPI_Driver/SPI_inetrface.o
 .text          0x00000092        0x0 ./MCAL/External_Interrupts_Driver/INT_interface.o
 .text          0x00000092        0x0 ./MCAL/DIO_Driver/DIO_interface.o
 .text          0x00000092        0x0 ./MCAL/ADC_Driver/ADC_interface.o
 .text          0x00000092        0x0 ./HAL/StepperMotor_Driver/StepperMotor.o
 .text          0x00000092        0x0 ./HAL/ServoMotor/ServoMotor.o
 .text          0x00000092        0x0 ./HAL/LM35_Driver/LM35.o
 .text          0x00000092        0x0 ./HAL/LDR_Driver/LDR.o
 .text          0x00000092        0x0 ./HAL/LCD_Driver/lcd.o
 .text          0x00000092        0x0 ./HAL/KeyPad_Driver/keypad.o
 .text          0x00000092        0x0 ./HAL/EXTERNAL_EEPROM_DRIVER/external_eeprom.o
 .text          0x00000092        0x0 ./HAL/DcMotor_Driver/DcMotor.o
 .text          0x00000092        0x0 ./HAL/ColorSensor_Driver/ColorSensor.o
 .text          0x00000092        0x0 c:/sdk/imt_sdk_win_64/imt_sdk_win_64/winavr/bin/../lib/gcc/avr/4.3.3/avr5\libgcc.a(_udivmodhi4.o)
 .text          0x00000092        0x0 c:/sdk/imt_sdk_win_64/imt_sdk_win_64/winavr/bin/../lib/gcc/avr/4.3.3/avr5\libgcc.a(_udivmodsi4.o)
 .text          0x00000092        0x0 c:/sdk/imt_sdk_win_64/imt_sdk_win_64/winavr/bin/../lib/gcc/avr/4.3.3/avr5\libgcc.a(_exit.o)
 .text          0x00000092        0x0 c:/sdk/imt_sdk_win_64/imt_sdk_win_64/winavr/bin/../lib/gcc/avr/4.3.3/avr5\libgcc.a(_copy_data.o)
 .text          0x00000092        0x0 c:/sdk/imt_sdk_win_64/imt_sdk_win_64/winavr/bin/../lib/gcc/avr/4.3.3/avr5\libgcc.a(_clear_bss.o)
 .text          0x00000092       0x58 c:/sdk/imt_sdk_win_64/imt_sdk_win_64/winavr/bin/../lib/gcc/avr/4.3.3/avr5\libgcc.a(_fixunssfsi.o)
                0x00000092                __fixunssfsi
 .text          0x000000ea      0x354 c:/sdk/imt_sdk_win_64/imt_sdk_win_64/winavr/bin/../lib/gcc/avr/4.3.3/avr5\libgcc.a(_addsub_sf.o)
                0x00000382                __subsf3
                0x000003e4                __addsf3
 .text          0x0000043e      0x1f4 c:/sdk/imt_sdk_win_64/imt_sdk_win_64/winavr/bin/../lib/gcc/avr/4.3.3/avr5\libgcc.a(_mul_sf.o)
                0x0000043e                __mulsf3
 .text          0x00000632      0x158 c:/sdk/imt_sdk_win_64/imt_sdk_win_64/winavr/bin/../lib/gcc/avr/4.3.3/avr5\libgcc.a(_div_sf.o)
                0x00000632                __divsf3
 .text          0x0000078a       0x60 c:/sdk/imt_sdk_win_64/imt_sdk_win_64/winavr/bin/../lib/gcc/avr/4.3.3/avr5\libgcc.a(_eq_sf.o)
                0x0000078a                __eqsf2
 .text          0x000007ea       0x60 c:/sdk/imt_sdk_win_64/imt_sdk_win_64/winavr/bin/../lib/gcc/avr/4.3.3/avr5\libgcc.a(_gt_sf.o)
                0x000007ea                __gtsf2
 .text          0x0000084a       0x60 c:/sdk/imt_sdk_win_64/imt_sdk_win_64/winavr/bin/../lib/gcc/avr/4.3.3/avr5\libgcc.a(_ge_sf.o)
                0x0000084a                __gesf2
 .text          0x000008aa       0x60 c:/sdk/imt_sdk_win_64/imt_sdk_win_64/winavr/bin/../lib/gcc/avr/4.3.3/avr5\libgcc.a(_lt_sf.o)
                0x000008aa                __ltsf2
 .text          0x0000090a       0xa8 c:/sdk/imt_sdk_win_64/imt_sdk_win_64/winavr/bin/../lib/gcc/avr/4.3.3/avr5\libgcc.a(_sf_to_si.o)
                0x0000090a                __fixsfsi
 .text          0x000009b2        0x0 c:/sdk/imt_sdk_win_64/imt_sdk_win_64/winavr/bin/../lib/gcc/avr/4.3.3/avr5\libgcc.a(_thenan_sf.o)
 .text          0x000009b2       0xf2 c:/sdk/imt_sdk_win_64/imt_sdk_win_64/winavr/bin/../lib/gcc/avr/4.3.3/avr5\libgcc.a(_usi_to_sf.o)
                0x000009b2                __floatunsisf
 .text          0x00000aa4        0x0 c:/sdk/imt_sdk_win_64/imt_sdk_win_64/winavr/bin/../lib/gcc/avr/4.3.3/avr5\libgcc.a(_prologue.o)
 .text          0x00000aa4        0x0 c:/sdk/imt_sdk_win_64/imt_sdk_win_64/winavr/bin/../lib/gcc/avr/4.3.3/avr5\libgcc.a(_epilogue.o)
 .text          0x00000aa4       0x9e c:/sdk/imt_sdk_win_64/imt_sdk_win_64/winavr/bin/../lib/gcc/avr/4.3.3/avr5\libgcc.a(_clzsi2.o)
                0x00000aa4                __clzsi2
 .text          0x00000b42      0x1aa c:/sdk/imt_sdk_win_64/imt_sdk_win_64/winavr/bin/../lib/gcc/avr/4.3.3/avr5\libgcc.a(_pack_sf.o)
                0x00000b42                __pack_f
 .text          0x00000cec       0xf0 c:/sdk/imt_sdk_win_64/imt_sdk_win_64/winavr/bin/../lib/gcc/avr/4.3.3/avr5\libgcc.a(_unpack_sf.o)
                0x00000cec                __unpack_f
 .text          0x00000ddc       0xb2 c:/sdk/imt_sdk_win_64/imt_sdk_win_64/winavr/bin/../lib/gcc/avr/4.3.3/avr5\libgcc.a(_fpcmp_parts_sf.o)
                0x00000ddc                __fpcmp_parts_f
 .text          0x00000e8e        0x0 c:/sdk/imt_sdk_win_64/imt_sdk_win_64/winavr/bin/../lib/gcc/avr/4.3.3/avr5\libgcc.a(_clz.o)
 .text          0x00000e8e        0x0 c:/sdk/imt_sdk_win_64/imt_sdk_win_64/winavr/bin/../lib/gcc/avr/4.3.3/../../../../avr/lib/avr5\libc.a(itoa.o)
 .text          0x00000e8e        0x0 c:/sdk/imt_sdk_win_64/imt_sdk_win_64/winavr/bin/../lib/gcc/avr/4.3.3/../../../../avr/lib/avr5\libc.a(sprintf.o)
 .text          0x00000e8e        0x0 c:/sdk/imt_sdk_win_64/imt_sdk_win_64/winavr/bin/../lib/gcc/avr/4.3.3/../../../../avr/lib/avr5\libc.a(vfprintf_std.o)
 .text          0x00000e8e        0x0 c:/sdk/imt_sdk_win_64/imt_sdk_win_64/winavr/bin/../lib/gcc/avr/4.3.3/../../../../avr/lib/avr5\libc.a(strnlen_P.o)
 .text          0x00000e8e        0x0 c:/sdk/imt_sdk_win_64/imt_sdk_win_64/winavr/bin/../lib/gcc/avr/4.3.3/../../../../avr/lib/avr5\libc.a(strnlen.o)
 .text          0x00000e8e        0x0 c:/sdk/imt_sdk_win_64/imt_sdk_win_64/winavr/bin/../lib/gcc/avr/4.3.3/../../../../avr/lib/avr5\libc.a(strrev.o)
 .text          0x00000e8e        0x0 c:/sdk/imt_sdk_win_64/imt_sdk_win_64/winavr/bin/../lib/gcc/avr/4.3.3/../../../../avr/lib/avr5\libc.a(fputc.o)
 .text          0x00000e8e        0x0 c:/sdk/imt_sdk_win_64/imt_sdk_win_64/winavr/bin/../lib/gcc/avr/4.3.3/../../../../avr/lib/avr5\libc.a(ultoa_invert.o)
                0x00000e8e                . = ALIGN (0x2)
 *(.text.*)
 .text.pause_btn_ISR
                0x00000e8e      0x12a ./src/main.o
                0x00000e8e                pause_btn_ISR
 .text.resume_btn_ISR
                0x00000fb8      0x132 ./src/main.o
                0x00000fb8                resume_btn_ISR
 .text.stop_btn_ISR
                0x000010ea       0x2e ./src/main.o
                0x000010ea                stop_btn_ISR
 .text.main     0x00001118      0x4b8 ./src/main.o
                0x00001118                main
 .text.UART_init
                0x000015d0      0x148 ./MCAL/UART_Driver/UART_interface.o
                0x000015d0                UART_init
 .text.UART_receiveByte
                0x00001718       0x44 ./MCAL/UART_Driver/UART_interface.o
                0x00001718                UART_receiveByte
 .text.UART_sendByte
                0x0000175c       0x2e ./MCAL/UART_Driver/UART_interface.o
                0x0000175c                UART_sendByte
 .text.UART_receiveString
                0x0000178a       0x5a ./MCAL/UART_Driver/UART_interface.o
                0x0000178a                UART_receiveString
 .text.UART_sendString
                0x000017e4       0x52 ./MCAL/UART_Driver/UART_interface.o
                0x000017e4                UART_sendString
 .text.TIMER0_OF_init
                0x00001836       0x5e ./MCAL/Timers_Driver/Timer0.o
                0x00001836                TIMER0_OF_init
 .text.TIMER0_CTC_init
                0x00001894      0x12a ./MCAL/Timers_Driver/Timer0.o
                0x00001894                TIMER0_CTC_init
 .text.TIMER0_FAST_PWM_init
                0x000019be       0xd8 ./MCAL/Timers_Driver/Timer0.o
                0x000019be                TIMER0_FAST_PWM_init
 .text.TIMER0_FAST_PWM_set_dutyCycle
                0x00001a96       0x1c ./MCAL/Timers_Driver/Timer0.o
                0x00001a96                TIMER0_FAST_PWM_set_dutyCycle
 .text.TIMER0_PHASE_PWM_init
                0x00001ab2       0xd8 ./MCAL/Timers_Driver/Timer0.o
                0x00001ab2                TIMER0_PHASE_PWM_init
 .text.TIMER0_PHASE_PWM_set_dutyCycle
                0x00001b8a       0x1c ./MCAL/Timers_Driver/Timer0.o
                0x00001b8a                TIMER0_PHASE_PWM_set_dutyCycle
 .text.TIMER0_OF_set_cb
                0x00001ba6       0x2c ./MCAL/Timers_Driver/Timer0.o
                0x00001ba6                TIMER0_OF_set_cb
 .text.TIMER0_CTC_set_cb
                0x00001bd2       0x2c ./MCAL/Timers_Driver/Timer0.o
                0x00001bd2                TIMER0_CTC_set_cb
 .text.TIMER0_clockSelect
                0x00001bfe      0x17a ./MCAL/Timers_Driver/Timer0.o
 .text.__vector_11
                0x00001d78       0x66 ./MCAL/Timers_Driver/Timer0.o
                0x00001d78                __vector_11
 .text.__vector_10
                0x00001dde       0x66 ./MCAL/Timers_Driver/Timer0.o
                0x00001dde                __vector_10
 .text.TIMER1_OF_init
                0x00001e44       0x58 ./MCAL/Timers_Driver/Timer1.o
                0x00001e44                TIMER1_OF_init
 .text.TIMER1_CTC_init
                0x00001e9c      0x142 ./MCAL/Timers_Driver/Timer1.o
                0x00001e9c                TIMER1_CTC_init
 .text.TIMER1_FAST_PWM_init
                0x00001fde       0xd4 ./MCAL/Timers_Driver/Timer1.o
                0x00001fde                TIMER1_FAST_PWM_init
 .text.TIMER1_FAST_PWM_set_dutyCycle_A
                0x000020b2       0x24 ./MCAL/Timers_Driver/Timer1.o
                0x000020b2                TIMER1_FAST_PWM_set_dutyCycle_A
 .text.TIMER1_FAST_PWM_set_dutyCycle_B
                0x000020d6       0x24 ./MCAL/Timers_Driver/Timer1.o
                0x000020d6                TIMER1_FAST_PWM_set_dutyCycle_B
 .text.TIMER1_OF_set_cb
                0x000020fa       0x2c ./MCAL/Timers_Driver/Timer1.o
                0x000020fa                TIMER1_OF_set_cb
 .text.TIMER1_CTC_set_cb
                0x00002126       0x2c ./MCAL/Timers_Driver/Timer1.o
                0x00002126                TIMER1_CTC_set_cb
 .text.TIMER1_clockSelect
                0x00002152      0x17a ./MCAL/Timers_Driver/Timer1.o
 .text.__vector_9
                0x000022cc       0x66 ./MCAL/Timers_Driver/Timer1.o
                0x000022cc                __vector_9
 .text.__vector_7
                0x00002332       0x66 ./MCAL/Timers_Driver/Timer1.o
                0x00002332                __vector_7
 .text.TWI_init
                0x00002398       0x48 ./MCAL/TWI_Driver/TWI_interface.o
                0x00002398                TWI_init
 .text.TWI_start
                0x000023e0       0x42 ./MCAL/TWI_Driver/TWI_interface.o
                0x000023e0                TWI_start
 .text.TWI_stop
                0x00002422       0x38 ./MCAL/TWI_Driver/TWI_interface.o
                0x00002422                TWI_stop
 .text.TWI_writeByte
                0x0000245a       0x42 ./MCAL/TWI_Driver/TWI_interface.o
                0x0000245a                TWI_writeByte
 .text.TWI_readByteWithACK
                0x0000249c       0x48 ./MCAL/TWI_Driver/TWI_interface.o
                0x0000249c                TWI_readByteWithACK
 .text.TWI_readByteWithNACK
                0x000024e4       0x3a ./MCAL/TWI_Driver/TWI_interface.o
                0x000024e4                TWI_readByteWithNACK
 .text.TWI_getStatus
                0x0000251e       0x1e ./MCAL/TWI_Driver/TWI_interface.o
                0x0000251e                TWI_getStatus
 .text.SPI_masterInit
                0x0000253c      0x178 ./MCAL/SPI_Driver/SPI_inetrface.o
                0x0000253c                SPI_masterInit
 .text.SPI_slaveInit
                0x000026b4       0x3e ./MCAL/SPI_Driver/SPI_inetrface.o
                0x000026b4                SPI_slaveInit
 .text.SPI_sendReceiveByte
                0x000026f2       0x2c ./MCAL/SPI_Driver/SPI_inetrface.o
                0x000026f2                SPI_sendReceiveByte
 .text.SPI_sendString
                0x0000271e       0x5e ./MCAL/SPI_Driver/SPI_inetrface.o
                0x0000271e                SPI_sendString
 .text.SPI_receiveString
                0x0000277c       0x8a ./MCAL/SPI_Driver/SPI_inetrface.o
                0x0000277c                SPI_receiveString
 .text.EXT_interrupt_GIE_state
                0x00002806       0x54 ./MCAL/External_Interrupts_Driver/INT_interface.o
                0x00002806                EXT_interrupt_GIE_state
 .text.EXT_INT0_init
                0x0000285a      0x112 ./MCAL/External_Interrupts_Driver/INT_interface.o
                0x0000285a                EXT_INT0_init
 .text.EXT_int0_set_cb
                0x0000296c       0x2c ./MCAL/External_Interrupts_Driver/INT_interface.o
                0x0000296c                EXT_int0_set_cb
 .text.__vector_1
                0x00002998       0x66 ./MCAL/External_Interrupts_Driver/INT_interface.o
                0x00002998                __vector_1
 .text.EXT_INT1_init
                0x000029fe      0x112 ./MCAL/External_Interrupts_Driver/INT_interface.o
                0x000029fe                EXT_INT1_init
 .text.EXT_int1_set_cb
                0x00002b10       0x2c ./MCAL/External_Interrupts_Driver/INT_interface.o
                0x00002b10                EXT_int1_set_cb
 .text.__vector_2
                0x00002b3c       0x66 ./MCAL/External_Interrupts_Driver/INT_interface.o
                0x00002b3c                __vector_2
 .text.EXT_INT2_init
                0x00002ba2       0x9c ./MCAL/External_Interrupts_Driver/INT_interface.o
                0x00002ba2                EXT_INT2_init
 .text.EXT_int2_set_cb
                0x00002c3e       0x2c ./MCAL/External_Interrupts_Driver/INT_interface.o
                0x00002c3e                EXT_int2_set_cb
 .text.__vector_3
                0x00002c6a       0x66 ./MCAL/External_Interrupts_Driver/INT_interface.o
                0x00002c6a                __vector_3
 .text.DIO_vSetPortDir
                0x00002cd0       0x38 ./MCAL/DIO_Driver/DIO_interface.o
                0x00002cd0                DIO_vSetPortDir
 .text.DIO_voidSetPinDirection
                0x00002d08       0xc8 ./MCAL/DIO_Driver/DIO_interface.o
                0x00002d08                DIO_voidSetPinDirection
 .text.DIO_voidSetPortValue
                0x00002dd0       0x38 ./MCAL/DIO_Driver/DIO_interface.o
                0x00002dd0                DIO_voidSetPortValue
 .text.DIO_voidSetPinValue
                0x00002e08       0xc8 ./MCAL/DIO_Driver/DIO_interface.o
                0x00002e08                DIO_voidSetPinValue
 .text.DIO_u8GetPinValue
                0x00002ed0       0x7a ./MCAL/DIO_Driver/DIO_interface.o
                0x00002ed0                DIO_u8GetPinValue
 .text.DIO_u8ReadPortValue
                0x00002f4a       0x3c ./MCAL/DIO_Driver/DIO_interface.o
                0x00002f4a                DIO_u8ReadPortValue
 .text.DIO_writePortMasked
                0x00002f86       0x74 ./MCAL/DIO_Driver/DIO_interface.o
                0x00002f86                DIO_writePortMasked
 .text.DIO_setupPortDirectionMasked
                0x00002ffa       0x74 ./MCAL/DIO_Driver/DIO_interface.o
                0x00002ffa                DIO_setupPortDirectionMasked
 .text.ADC_init
                0x0000306e      0x2c0 ./MCAL/ADC_Driver/ADC_interface.o
                0x0000306e                ADC_init
 .text.ADC_readChannel
                0x0000332e       0x60 ./MCAL/ADC_Driver/ADC_interface.o
                0x0000332e                ADC_readChannel
 .text.STEPPER_init
                0x0000338e       0x94 ./HAL/StepperMotor_Driver/StepperMotor.o
                0x0000338e                STEPPER_init
 .text.STEPPER_move_steps
                0x00003422      0x6f8 ./HAL/StepperMotor_Driver/StepperMotor.o
                0x00003422                STEPPER_move_steps
 .text.STEPPER_move_angle
                0x00003b1a       0xf2 ./HAL/StepperMotor_Driver/StepperMotor.o
                0x00003b1a                STEPPER_move_angle
 .text.SERVO_voidMove
                0x00003c0c       0x52 ./HAL/ServoMotor/ServoMotor.o
                0x00003c0c                SERVO_voidMove
 .text.SERVO_init
                0x00003c5e       0x1c ./HAL/ServoMotor/ServoMotor.o
                0x00003c5e                SERVO_init
 .text.READ_LM35
                0x00003c7a       0x92 ./HAL/LM35_Driver/LM35.o
                0x00003c7a                READ_LM35
 .text.READ_LDR
                0x00003d0c       0x9c ./HAL/LDR_Driver/LDR.o
                0x00003d0c                READ_LDR
 .text.LCD_init
                0x00003da8      0x164 ./HAL/LCD_Driver/lcd.o
                0x00003da8                LCD_init
 .text.LCD_sendCommand
                0x00003f0c      0x8f6 ./HAL/LCD_Driver/lcd.o
                0x00003f0c                LCD_sendCommand
 .text.LCD_displayChar
                0x00004802      0x62a ./HAL/LCD_Driver/lcd.o
                0x00004802                LCD_displayChar
 .text.LCD_moveCursor
                0x00004e2c       0x54 ./HAL/LCD_Driver/lcd.o
                0x00004e2c                LCD_moveCursor
 .text.LCD_displayString
                0x00004e80       0x52 ./HAL/LCD_Driver/lcd.o
                0x00004e80                LCD_displayString
 .text.LCD_displayStringRowColumn
                0x00004ed2       0x32 ./HAL/LCD_Driver/lcd.o
                0x00004ed2                LCD_displayStringRowColumn
 .text.LCD_integerToString
                0x00004f04       0x46 ./HAL/LCD_Driver/lcd.o
                0x00004f04                LCD_integerToString
 .text.LCD_LongIntegerToString
                0x00004f4a       0x80 ./HAL/LCD_Driver/lcd.o
                0x00004f4a                LCD_LongIntegerToString
 .text.LCD_clearScreen
                0x00004fca      0x110 ./HAL/LCD_Driver/lcd.o
                0x00004fca                LCD_clearScreen
 .text.KEYPAD_getPressedKey
                0x000050da      0x2e6 ./HAL/KeyPad_Driver/keypad.o
                0x000050da                KEYPAD_getPressedKey
 .text.EEPROM_writeByte
                0x000053c0       0x82 ./HAL/EXTERNAL_EEPROM_DRIVER/external_eeprom.o
                0x000053c0                EEPROM_writeByte
 .text.EEPROM_readByte
                0x00005442       0xc0 ./HAL/EXTERNAL_EEPROM_DRIVER/external_eeprom.o
                0x00005442                EEPROM_readByte
 .text.MOTOR_Init
                0x00005502       0x1c ./HAL/DcMotor_Driver/DcMotor.o
                0x00005502                MOTOR_Init
 .text.MOTOR_Forward
                0x0000551e       0x4c ./HAL/DcMotor_Driver/DcMotor.o
                0x0000551e                MOTOR_Forward
 .text.MOTOR_Backward
                0x0000556a       0x4c ./HAL/DcMotor_Driver/DcMotor.o
                0x0000556a                MOTOR_Backward
 .text.MOTOR_Stop
                0x000055b6       0x4c ./HAL/DcMotor_Driver/DcMotor.o
                0x000055b6                MOTOR_Stop
 .text.TCS3200_Init
                0x00005602       0x54 ./HAL/ColorSensor_Driver/ColorSensor.o
                0x00005602                TCS3200_Init
 .text.TCS3200_SetFilter
                0x00005656       0x96 ./HAL/ColorSensor_Driver/ColorSensor.o
                0x00005656                TCS3200_SetFilter
 .text.TCS3200_ReadFrequency
                0x000056ec      0x126 ./HAL/ColorSensor_Driver/ColorSensor.o
                0x000056ec                TCS3200_ReadFrequency
 .text.TCS3200_GetRGB
                0x00005812       0x7a ./HAL/ColorSensor_Driver/ColorSensor.o
                0x00005812                TCS3200_GetRGB
 .text.IsItemPresent
                0x0000588c       0xaa ./HAL/ColorSensor_Driver/ColorSensor.o
                0x0000588c                IsItemPresent
 .text.Get_Color
                0x00005936      0x18a ./HAL/ColorSensor_Driver/ColorSensor.o
                0x00005936                Get_Color
 .text.Background_Color
                0x00005ac0       0x9c ./HAL/ColorSensor_Driver/ColorSensor.o
                0x00005ac0                Background_Color
 .text.libgcc   0x00005b5c       0x28 c:/sdk/imt_sdk_win_64/imt_sdk_win_64/winavr/bin/../lib/gcc/avr/4.3.3/avr5\libgcc.a(_udivmodhi4.o)
                0x00005b5c                __udivmodhi4
 .text.libgcc   0x00005b84       0x44 c:/sdk/imt_sdk_win_64/imt_sdk_win_64/winavr/bin/../lib/gcc/avr/4.3.3/avr5\libgcc.a(_udivmodsi4.o)
                0x00005b84                __udivmodsi4
 .text.libgcc   0x00005bc8        0x0 c:/sdk/imt_sdk_win_64/imt_sdk_win_64/winavr/bin/../lib/gcc/avr/4.3.3/avr5\libgcc.a(_exit.o)
 .text.libgcc   0x00005bc8        0x0 c:/sdk/imt_sdk_win_64/imt_sdk_win_64/winavr/bin/../lib/gcc/avr/4.3.3/avr5\libgcc.a(_copy_data.o)
 .text.libgcc   0x00005bc8        0x0 c:/sdk/imt_sdk_win_64/imt_sdk_win_64/winavr/bin/../lib/gcc/avr/4.3.3/avr5\libgcc.a(_clear_bss.o)
 .text.libgcc   0x00005bc8       0x38 c:/sdk/imt_sdk_win_64/imt_sdk_win_64/winavr/bin/../lib/gcc/avr/4.3.3/avr5\libgcc.a(_prologue.o)
                0x00005bc8                __prologue_saves__
 .text.libgcc   0x00005c00       0x36 c:/sdk/imt_sdk_win_64/imt_sdk_win_64/winavr/bin/../lib/gcc/avr/4.3.3/avr5\libgcc.a(_epilogue.o)
                0x00005c00                __epilogue_restores__
 .text.avr-libc
                0x00005c36       0x42 c:/sdk/imt_sdk_win_64/imt_sdk_win_64/winavr/bin/../lib/gcc/avr/4.3.3/../../../../avr/lib/avr5\libc.a(itoa.o)
                0x00005c36                itoa
 .text.avr-libc
                0x00005c78       0x48 c:/sdk/imt_sdk_win_64/imt_sdk_win_64/winavr/bin/../lib/gcc/avr/4.3.3/../../../../avr/lib/avr5\libc.a(sprintf.o)
                0x00005c78                sprintf
 .text.avr-libc
                0x00005cc0      0x3ba c:/sdk/imt_sdk_win_64/imt_sdk_win_64/winavr/bin/../lib/gcc/avr/4.3.3/../../../../avr/lib/avr5\libc.a(vfprintf_std.o)
                0x00005cc0                vfprintf
 .text.avr-libc
                0x0000607a       0x16 c:/sdk/imt_sdk_win_64/imt_sdk_win_64/winavr/bin/../lib/gcc/avr/4.3.3/../../../../avr/lib/avr5\libc.a(strnlen_P.o)
                0x0000607a                strnlen_P
 .text.avr-libc
                0x00006090       0x16 c:/sdk/imt_sdk_win_64/imt_sdk_win_64/winavr/bin/../lib/gcc/avr/4.3.3/../../../../avr/lib/avr5\libc.a(strnlen.o)
                0x00006090                strnlen
 .text.avr-libc
                0x000060a6       0x20 c:/sdk/imt_sdk_win_64/imt_sdk_win_64/winavr/bin/../lib/gcc/avr/4.3.3/../../../../avr/lib/avr5\libc.a(strrev.o)
                0x000060a6                strrev
 .text.avr-libc
                0x000060c6       0x58 c:/sdk/imt_sdk_win_64/imt_sdk_win_64/winavr/bin/../lib/gcc/avr/4.3.3/../../../../avr/lib/avr5\libc.a(fputc.o)
                0x000060c6                fputc
 .text.avr-libc
                0x0000611e       0xbc c:/sdk/imt_sdk_win_64/imt_sdk_win_64/winavr/bin/../lib/gcc/avr/4.3.3/../../../../avr/lib/avr5\libc.a(ultoa_invert.o)
                0x0000611e                __ultoa_invert
                0x000061da                . = ALIGN (0x2)
 *(.fini9)
 .fini9         0x000061da        0x0 c:/sdk/imt_sdk_win_64/imt_sdk_win_64/winavr/bin/../lib/gcc/avr/4.3.3/avr5\libgcc.a(_exit.o)
                0x000061da                exit
                0x000061da                _exit
 *(.fini9)
 *(.fini8)
 *(.fini8)
 *(.fini7)
 *(.fini7)
 *(.fini6)
 *(.fini6)
 *(.fini5)
 *(.fini5)
 *(.fini4)
 *(.fini4)
 *(.fini3)
 *(.fini3)
 *(.fini2)
 *(.fini2)
 *(.fini1)
 *(.fini1)
 *(.fini0)
 .fini0         0x000061da        0x4 c:/sdk/imt_sdk_win_64/imt_sdk_win_64/winavr/bin/../lib/gcc/avr/4.3.3/avr5\libgcc.a(_exit.o)
 *(.fini0)
                0x000061de                _etext = .

.data           0x00800060      0x18a load address 0x000061de
                0x00800060                PROVIDE (__data_start, .)
 *(.data)
 .data          0x00800060        0x0 c:/sdk/imt_sdk_win_64/imt_sdk_win_64/winavr/bin/../lib/gcc/avr/4.3.3/../../../../avr/lib/avr5/crtm32.o
 .data          0x00800060       0x45 ./src/main.o
 .data          0x008000a5        0x0 ./MCAL/UART_Driver/UART_interface.o
 .data          0x008000a5        0x0 ./MCAL/Timers_Driver/Timer0.o
 .data          0x008000a5        0x0 ./MCAL/Timers_Driver/Timer1.o
 .data          0x008000a5        0x0 ./MCAL/TWI_Driver/TWI_interface.o
 .data          0x008000a5        0x0 ./MCAL/SPI_Driver/SPI_inetrface.o
 .data          0x008000a5        0x0 ./MCAL/External_Interrupts_Driver/INT_interface.o
 .data          0x008000a5        0x0 ./MCAL/DIO_Driver/DIO_interface.o
 .data          0x008000a5        0x0 ./MCAL/ADC_Driver/ADC_interface.o
 .data          0x008000a5        0x0 ./HAL/StepperMotor_Driver/StepperMotor.o
 .data          0x008000a5        0x0 ./HAL/ServoMotor/ServoMotor.o
 .data          0x008000a5        0x0 ./HAL/LM35_Driver/LM35.o
 .data          0x008000a5        0x0 ./HAL/LDR_Driver/LDR.o
 .data          0x008000a5        0x3 ./HAL/LCD_Driver/lcd.o
 .data          0x008000a8        0x0 ./HAL/KeyPad_Driver/keypad.o
 .data          0x008000a8        0x0 ./HAL/EXTERNAL_EEPROM_DRIVER/external_eeprom.o
 .data          0x008000a8        0x0 ./HAL/DcMotor_Driver/DcMotor.o
 .data          0x008000a8        0x0 ./HAL/ColorSensor_Driver/ColorSensor.o
 .data          0x008000a8        0x0 c:/sdk/imt_sdk_win_64/imt_sdk_win_64/winavr/bin/../lib/gcc/avr/4.3.3/avr5\libgcc.a(_udivmodhi4.o)
 .data          0x008000a8        0x0 c:/sdk/imt_sdk_win_64/imt_sdk_win_64/winavr/bin/../lib/gcc/avr/4.3.3/avr5\libgcc.a(_udivmodsi4.o)
 .data          0x008000a8        0x0 c:/sdk/imt_sdk_win_64/imt_sdk_win_64/winavr/bin/../lib/gcc/avr/4.3.3/avr5\libgcc.a(_exit.o)
 .data          0x008000a8        0x0 c:/sdk/imt_sdk_win_64/imt_sdk_win_64/winavr/bin/../lib/gcc/avr/4.3.3/avr5\libgcc.a(_copy_data.o)
 .data          0x008000a8        0x0 c:/sdk/imt_sdk_win_64/imt_sdk_win_64/winavr/bin/../lib/gcc/avr/4.3.3/avr5\libgcc.a(_clear_bss.o)
 .data          0x008000a8        0x0 c:/sdk/imt_sdk_win_64/imt_sdk_win_64/winavr/bin/../lib/gcc/avr/4.3.3/avr5\libgcc.a(_fixunssfsi.o)
 .data          0x008000a8        0x0 c:/sdk/imt_sdk_win_64/imt_sdk_win_64/winavr/bin/../lib/gcc/avr/4.3.3/avr5\libgcc.a(_addsub_sf.o)
 .data          0x008000a8        0x0 c:/sdk/imt_sdk_win_64/imt_sdk_win_64/winavr/bin/../lib/gcc/avr/4.3.3/avr5\libgcc.a(_mul_sf.o)
 .data          0x008000a8        0x0 c:/sdk/imt_sdk_win_64/imt_sdk_win_64/winavr/bin/../lib/gcc/avr/4.3.3/avr5\libgcc.a(_div_sf.o)
 .data          0x008000a8        0x0 c:/sdk/imt_sdk_win_64/imt_sdk_win_64/winavr/bin/../lib/gcc/avr/4.3.3/avr5\libgcc.a(_eq_sf.o)
 .data          0x008000a8        0x0 c:/sdk/imt_sdk_win_64/imt_sdk_win_64/winavr/bin/../lib/gcc/avr/4.3.3/avr5\libgcc.a(_gt_sf.o)
 .data          0x008000a8        0x0 c:/sdk/imt_sdk_win_64/imt_sdk_win_64/winavr/bin/../lib/gcc/avr/4.3.3/avr5\libgcc.a(_ge_sf.o)
 .data          0x008000a8        0x0 c:/sdk/imt_sdk_win_64/imt_sdk_win_64/winavr/bin/../lib/gcc/avr/4.3.3/avr5\libgcc.a(_lt_sf.o)
 .data          0x008000a8        0x0 c:/sdk/imt_sdk_win_64/imt_sdk_win_64/winavr/bin/../lib/gcc/avr/4.3.3/avr5\libgcc.a(_sf_to_si.o)
 .data          0x008000a8        0x8 c:/sdk/imt_sdk_win_64/imt_sdk_win_64/winavr/bin/../lib/gcc/avr/4.3.3/avr5\libgcc.a(_thenan_sf.o)
                0x008000a8                __thenan_sf
 .data          0x008000b0        0x0 c:/sdk/imt_sdk_win_64/imt_sdk_win_64/winavr/bin/../lib/gcc/avr/4.3.3/avr5\libgcc.a(_usi_to_sf.o)
 .data          0x008000b0        0x0 c:/sdk/imt_sdk_win_64/imt_sdk_win_64/winavr/bin/../lib/gcc/avr/4.3.3/avr5\libgcc.a(_prologue.o)
 .data          0x008000b0        0x0 c:/sdk/imt_sdk_win_64/imt_sdk_win_64/winavr/bin/../lib/gcc/avr/4.3.3/avr5\libgcc.a(_epilogue.o)
 .data          0x008000b0        0x0 c:/sdk/imt_sdk_win_64/imt_sdk_win_64/winavr/bin/../lib/gcc/avr/4.3.3/avr5\libgcc.a(_clzsi2.o)
 .data          0x008000b0        0x0 c:/sdk/imt_sdk_win_64/imt_sdk_win_64/winavr/bin/../lib/gcc/avr/4.3.3/avr5\libgcc.a(_pack_sf.o)
 .data          0x008000b0        0x0 c:/sdk/imt_sdk_win_64/imt_sdk_win_64/winavr/bin/../lib/gcc/avr/4.3.3/avr5\libgcc.a(_unpack_sf.o)
 .data          0x008000b0        0x0 c:/sdk/imt_sdk_win_64/imt_sdk_win_64/winavr/bin/../lib/gcc/avr/4.3.3/avr5\libgcc.a(_fpcmp_parts_sf.o)
 .data          0x008000b0      0x100 c:/sdk/imt_sdk_win_64/imt_sdk_win_64/winavr/bin/../lib/gcc/avr/4.3.3/avr5\libgcc.a(_clz.o)
                0x008000b0                __clz_tab
 .data          0x008001b0        0x0 c:/sdk/imt_sdk_win_64/imt_sdk_win_64/winavr/bin/../lib/gcc/avr/4.3.3/../../../../avr/lib/avr5\libc.a(itoa.o)
 .data          0x008001b0        0x0 c:/sdk/imt_sdk_win_64/imt_sdk_win_64/winavr/bin/../lib/gcc/avr/4.3.3/../../../../avr/lib/avr5\libc.a(sprintf.o)
 .data          0x008001b0        0x0 c:/sdk/imt_sdk_win_64/imt_sdk_win_64/winavr/bin/../lib/gcc/avr/4.3.3/../../../../avr/lib/avr5\libc.a(vfprintf_std.o)
 .data          0x008001b0        0x0 c:/sdk/imt_sdk_win_64/imt_sdk_win_64/winavr/bin/../lib/gcc/avr/4.3.3/../../../../avr/lib/avr5\libc.a(strnlen_P.o)
 .data          0x008001b0        0x0 c:/sdk/imt_sdk_win_64/imt_sdk_win_64/winavr/bin/../lib/gcc/avr/4.3.3/../../../../avr/lib/avr5\libc.a(strnlen.o)
 .data          0x008001b0        0x0 c:/sdk/imt_sdk_win_64/imt_sdk_win_64/winavr/bin/../lib/gcc/avr/4.3.3/../../../../avr/lib/avr5\libc.a(strrev.o)
 .data          0x008001b0        0x0 c:/sdk/imt_sdk_win_64/imt_sdk_win_64/winavr/bin/../lib/gcc/avr/4.3.3/../../../../avr/lib/avr5\libc.a(fputc.o)
 .data          0x008001b0        0x0 c:/sdk/imt_sdk_win_64/imt_sdk_win_64/winavr/bin/../lib/gcc/avr/4.3.3/../../../../avr/lib/avr5\libc.a(ultoa_invert.o)
 *(.data*)
 .data.STEPPER_fullStepSequence
                0x008001b0        0x4 ./HAL/StepperMotor_Driver/StepperMotor.o
 .data.STEPPER_halfStepSequence
                0x008001b4        0x8 ./HAL/StepperMotor_Driver/StepperMotor.o
 .data.buttons  0x008001bc       0x10 ./HAL/KeyPad_Driver/keypad.o
 *(.rodata)
 *(.rodata*)
 .rodata.C.0.1510
                0x008001cc        0x6 ./src/main.o
 .rodata.DDR_REG
                0x008001d2        0x8 ./MCAL/DIO_Driver/DIO_interface.o
                0x008001d2                DDR_REG
 .rodata.PORT_REG
                0x008001da        0x8 ./MCAL/DIO_Driver/DIO_interface.o
                0x008001da                PORT_REG
 .rodata.PIN_REG
                0x008001e2        0x8 ./MCAL/DIO_Driver/DIO_interface.o
                0x008001e2                PIN_REG
 *(.gnu.linkonce.d*)
                0x008001ea                . = ALIGN (0x2)
                0x008001ea                _edata = .
                0x008001ea                PROVIDE (__data_end, .)

.bss            0x008001ea       0x1d
                0x008001ea                PROVIDE (__bss_start, .)
 *(.bss)
 .bss           0x008001ea        0x0 c:/sdk/imt_sdk_win_64/imt_sdk_win_64/winavr/bin/../lib/gcc/avr/4.3.3/../../../../avr/lib/avr5/crtm32.o
 .bss           0x008001ea        0x0 ./src/main.o
 .bss           0x008001ea        0x0 ./MCAL/UART_Driver/UART_interface.o
 .bss           0x008001ea        0x0 ./MCAL/Timers_Driver/Timer0.o
 .bss           0x008001ea        0x0 ./MCAL/Timers_Driver/Timer1.o
 .bss           0x008001ea        0x0 ./MCAL/TWI_Driver/TWI_interface.o
 .bss           0x008001ea        0x0 ./MCAL/SPI_Driver/SPI_inetrface.o
 .bss           0x008001ea        0x0 ./MCAL/External_Interrupts_Driver/INT_interface.o
 .bss           0x008001ea        0x0 ./MCAL/DIO_Driver/DIO_interface.o
 .bss           0x008001ea        0x0 ./MCAL/ADC_Driver/ADC_interface.o
 .bss           0x008001ea        0x0 ./HAL/StepperMotor_Driver/StepperMotor.o
 .bss           0x008001ea        0x0 ./HAL/ServoMotor/ServoMotor.o
 .bss           0x008001ea        0x0 ./HAL/LM35_Driver/LM35.o
 .bss           0x008001ea        0x0 ./HAL/LDR_Driver/LDR.o
 .bss           0x008001ea        0x0 ./HAL/LCD_Driver/lcd.o
 .bss           0x008001ea        0x0 ./HAL/KeyPad_Driver/keypad.o
 .bss           0x008001ea        0x0 ./HAL/EXTERNAL_EEPROM_DRIVER/external_eeprom.o
 .bss           0x008001ea        0x0 ./HAL/DcMotor_Driver/DcMotor.o
 .bss           0x008001ea        0x0 ./HAL/ColorSensor_Driver/ColorSensor.o
 .bss           0x008001ea        0x0 c:/sdk/imt_sdk_win_64/imt_sdk_win_64/winavr/bin/../lib/gcc/avr/4.3.3/avr5\libgcc.a(_udivmodhi4.o)
 .bss           0x008001ea        0x0 c:/sdk/imt_sdk_win_64/imt_sdk_win_64/winavr/bin/../lib/gcc/avr/4.3.3/avr5\libgcc.a(_udivmodsi4.o)
 .bss           0x008001ea        0x0 c:/sdk/imt_sdk_win_64/imt_sdk_win_64/winavr/bin/../lib/gcc/avr/4.3.3/avr5\libgcc.a(_exit.o)
 .bss           0x008001ea        0x0 c:/sdk/imt_sdk_win_64/imt_sdk_win_64/winavr/bin/../lib/gcc/avr/4.3.3/avr5\libgcc.a(_copy_data.o)
 .bss           0x008001ea        0x0 c:/sdk/imt_sdk_win_64/imt_sdk_win_64/winavr/bin/../lib/gcc/avr/4.3.3/avr5\libgcc.a(_clear_bss.o)
 .bss           0x008001ea        0x0 c:/sdk/imt_sdk_win_64/imt_sdk_win_64/winavr/bin/../lib/gcc/avr/4.3.3/avr5\libgcc.a(_fixunssfsi.o)
 .bss           0x008001ea        0x0 c:/sdk/imt_sdk_win_64/imt_sdk_win_64/winavr/bin/../lib/gcc/avr/4.3.3/avr5\libgcc.a(_addsub_sf.o)
 .bss           0x008001ea        0x0 c:/sdk/imt_sdk_win_64/imt_sdk_win_64/winavr/bin/../lib/gcc/avr/4.3.3/avr5\libgcc.a(_mul_sf.o)
 .bss           0x008001ea        0x0 c:/sdk/imt_sdk_win_64/imt_sdk_win_64/winavr/bin/../lib/gcc/avr/4.3.3/avr5\libgcc.a(_div_sf.o)
 .bss           0x008001ea        0x0 c:/sdk/imt_sdk_win_64/imt_sdk_win_64/winavr/bin/../lib/gcc/avr/4.3.3/avr5\libgcc.a(_eq_sf.o)
 .bss           0x008001ea        0x0 c:/sdk/imt_sdk_win_64/imt_sdk_win_64/winavr/bin/../lib/gcc/avr/4.3.3/avr5\libgcc.a(_gt_sf.o)
 .bss           0x008001ea        0x0 c:/sdk/imt_sdk_win_64/imt_sdk_win_64/winavr/bin/../lib/gcc/avr/4.3.3/avr5\libgcc.a(_ge_sf.o)
 .bss           0x008001ea        0x0 c:/sdk/imt_sdk_win_64/imt_sdk_win_64/winavr/bin/../lib/gcc/avr/4.3.3/avr5\libgcc.a(_lt_sf.o)
 .bss           0x008001ea        0x0 c:/sdk/imt_sdk_win_64/imt_sdk_win_64/winavr/bin/../lib/gcc/avr/4.3.3/avr5\libgcc.a(_sf_to_si.o)
 .bss           0x008001ea        0x0 c:/sdk/imt_sdk_win_64/imt_sdk_win_64/winavr/bin/../lib/gcc/avr/4.3.3/avr5\libgcc.a(_thenan_sf.o)
 .bss           0x008001ea        0x0 c:/sdk/imt_sdk_win_64/imt_sdk_win_64/winavr/bin/../lib/gcc/avr/4.3.3/avr5\libgcc.a(_usi_to_sf.o)
 .bss           0x008001ea        0x0 c:/sdk/imt_sdk_win_64/imt_sdk_win_64/winavr/bin/../lib/gcc/avr/4.3.3/avr5\libgcc.a(_prologue.o)
 .bss           0x008001ea        0x0 c:/sdk/imt_sdk_win_64/imt_sdk_win_64/winavr/bin/../lib/gcc/avr/4.3.3/avr5\libgcc.a(_epilogue.o)
 .bss           0x008001ea        0x0 c:/sdk/imt_sdk_win_64/imt_sdk_win_64/winavr/bin/../lib/gcc/avr/4.3.3/avr5\libgcc.a(_clzsi2.o)
 .bss           0x008001ea        0x0 c:/sdk/imt_sdk_win_64/imt_sdk_win_64/winavr/bin/../lib/gcc/avr/4.3.3/avr5\libgcc.a(_pack_sf.o)
 .bss           0x008001ea        0x0 c:/sdk/imt_sdk_win_64/imt_sdk_win_64/winavr/bin/../lib/gcc/avr/4.3.3/avr5\libgcc.a(_unpack_sf.o)
 .bss           0x008001ea        0x0 c:/sdk/imt_sdk_win_64/imt_sdk_win_64/winavr/bin/../lib/gcc/avr/4.3.3/avr5\libgcc.a(_fpcmp_parts_sf.o)
 .bss           0x008001ea        0x0 c:/sdk/imt_sdk_win_64/imt_sdk_win_64/winavr/bin/../lib/gcc/avr/4.3.3/avr5\libgcc.a(_clz.o)
 .bss           0x008001ea        0x0 c:/sdk/imt_sdk_win_64/imt_sdk_win_64/winavr/bin/../lib/gcc/avr/4.3.3/../../../../avr/lib/avr5\libc.a(itoa.o)
 .bss           0x008001ea        0x0 c:/sdk/imt_sdk_win_64/imt_sdk_win_64/winavr/bin/../lib/gcc/avr/4.3.3/../../../../avr/lib/avr5\libc.a(sprintf.o)
 .bss           0x008001ea        0x0 c:/sdk/imt_sdk_win_64/imt_sdk_win_64/winavr/bin/../lib/gcc/avr/4.3.3/../../../../avr/lib/avr5\libc.a(vfprintf_std.o)
 .bss           0x008001ea        0x0 c:/sdk/imt_sdk_win_64/imt_sdk_win_64/winavr/bin/../lib/gcc/avr/4.3.3/../../../../avr/lib/avr5\libc.a(strnlen_P.o)
 .bss           0x008001ea        0x0 c:/sdk/imt_sdk_win_64/imt_sdk_win_64/winavr/bin/../lib/gcc/avr/4.3.3/../../../../avr/lib/avr5\libc.a(strnlen.o)
 .bss           0x008001ea        0x0 c:/sdk/imt_sdk_win_64/imt_sdk_win_64/winavr/bin/../lib/gcc/avr/4.3.3/../../../../avr/lib/avr5\libc.a(strrev.o)
 .bss           0x008001ea        0x0 c:/sdk/imt_sdk_win_64/imt_sdk_win_64/winavr/bin/../lib/gcc/avr/4.3.3/../../../../avr/lib/avr5\libc.a(fputc.o)
 .bss           0x008001ea        0x0 c:/sdk/imt_sdk_win_64/imt_sdk_win_64/winavr/bin/../lib/gcc/avr/4.3.3/../../../../avr/lib/avr5\libc.a(ultoa_invert.o)
 *(.bss*)
 .bss.red_count
                0x008001ea        0x2 ./src/main.o
                0x008001ea                red_count
 .bss.green_count
                0x008001ec        0x2 ./src/main.o
                0x008001ec                green_count
 .bss.blue_count
                0x008001ee        0x2 ./src/main.o
                0x008001ee                blue_count
 .bss.system_paused
                0x008001f0        0x1 ./src/main.o
                0x008001f0                system_paused
 .bss.TIMER_OF_cb
                0x008001f1        0x2 ./MCAL/Timers_Driver/Timer0.o
                0x008001f1                TIMER_OF_cb
 .bss.TIMER_CTC_cb
                0x008001f3        0x2 ./MCAL/Timers_Driver/Timer0.o
                0x008001f3                TIMER_CTC_cb
 .bss.TIMER1_OF_cb
                0x008001f5        0x2 ./MCAL/Timers_Driver/Timer1.o
                0x008001f5                TIMER1_OF_cb
 .bss.TIMER1_CTC_cb
                0x008001f7        0x2 ./MCAL/Timers_Driver/Timer1.o
                0x008001f7                TIMER1_CTC_cb
 .bss.ptr_cb0   0x008001f9        0x2 ./MCAL/External_Interrupts_Driver/INT_interface.o
                0x008001f9                ptr_cb0
 .bss.ptr_cb1   0x008001fb        0x2 ./MCAL/External_Interrupts_Driver/INT_interface.o
                0x008001fb                ptr_cb1
 .bss.ptr_cb2   0x008001fd        0x2 ./MCAL/External_Interrupts_Driver/INT_interface.o
                0x008001fd                ptr_cb2
 *(COMMON)
 COMMON         0x008001ff        0x8 ./HAL/ColorSensor_Driver/ColorSensor.o
                0x008001ff                DETECTION_VTH
                0x00800203                background_level
                0x00800207                PROVIDE (__bss_end, .)
                0x000061de                __data_load_start = LOADADDR (.data)
                0x00006368                __data_load_end = (__data_load_start + SIZEOF (.data))

.noinit         0x00800207        0x0
                0x00800207                PROVIDE (__noinit_start, .)
 *(.noinit*)
                0x00800207                PROVIDE (__noinit_end, .)
                0x00800207                _end = .
                0x00800207                PROVIDE (__heap_start, .)

.eeprom         0x00810000        0x0
 *(.eeprom*)
                0x00810000                __eeprom_end = .

.fuse
 *(.fuse)
 *(.lfuse)
 *(.hfuse)
 *(.efuse)

.lock
 *(.lock*)

.signature
 *(.signature*)

.stab           0x00000000     0x7038
 *(.stab)
 .stab          0x00000000      0xcb4 ./src/main.o
 .stab          0x00000cb4      0x528 ./MCAL/UART_Driver/UART_interface.o
                                0x534 (size before relaxing)
 .stab          0x000011dc      0x8f4 ./MCAL/Timers_Driver/Timer0.o
                                0xab0 (size before relaxing)
 .stab          0x00001ad0      0x75c ./MCAL/Timers_Driver/Timer1.o
                                0x984 (size before relaxing)
 .stab          0x0000222c      0x42c ./MCAL/TWI_Driver/TWI_interface.o
                                0x438 (size before relaxing)
 .stab          0x00002658      0x534 ./MCAL/SPI_Driver/SPI_inetrface.o
                                0x540 (size before relaxing)
 .stab          0x00002b8c      0x654 ./MCAL/External_Interrupts_Driver/INT_interface.o
                                0x81c (size before relaxing)
 .stab          0x000031e0      0x594 ./MCAL/DIO_Driver/DIO_interface.o
                                0x5a0 (size before relaxing)
 .stab          0x00003774      0x420 ./MCAL/ADC_Driver/ADC_interface.o
                                0x42c (size before relaxing)
 .stab          0x00003b94      0x894 ./HAL/StepperMotor_Driver/StepperMotor.o
                                0xa20 (size before relaxing)
 .stab          0x00004428      0x318 ./HAL/ServoMotor/ServoMotor.o
                                0x324 (size before relaxing)
 .stab          0x00004740      0x258 ./HAL/LM35_Driver/LM35.o
                                0x264 (size before relaxing)
 .stab          0x00004998      0x258 ./HAL/LDR_Driver/LDR.o
                                0x264 (size before relaxing)
 .stab          0x00004bf0     0x10bc ./HAL/LCD_Driver/lcd.o
                               0x1254 (size before relaxing)
 .stab          0x00005cac      0x4ec ./HAL/KeyPad_Driver/keypad.o
                                0x684 (size before relaxing)
 .stab          0x00006198      0x3cc ./HAL/EXTERNAL_EEPROM_DRIVER/external_eeprom.o
                                0x3d8 (size before relaxing)
 .stab          0x00006564      0x33c ./HAL/DcMotor_Driver/DcMotor.o
                                0x348 (size before relaxing)
 .stab          0x000068a0      0x798 ./HAL/ColorSensor_Driver/ColorSensor.o
                                0x7a4 (size before relaxing)

.stabstr        0x00000000     0x3a2a
 *(.stabstr)
 .stabstr       0x00000000     0x3a2a ./src/main.o

.stab.excl
 *(.stab.excl)

.stab.exclstr
 *(.stab.exclstr)

.stab.index
 *(.stab.index)

.stab.indexstr
 *(.stab.indexstr)

.comment
 *(.comment)

.debug
 *(.debug)

.line
 *(.line)

.debug_srcinfo
 *(.debug_srcinfo)

.debug_sfnames
 *(.debug_sfnames)

.debug_aranges  0x00000000      0x1c0
 *(.debug_aranges)
 .debug_aranges
                0x00000000       0x20 c:/sdk/imt_sdk_win_64/imt_sdk_win_64/winavr/bin/../lib/gcc/avr/4.3.3/avr5\libgcc.a(_fixunssfsi.o)
 .debug_aranges
                0x00000020       0x20 c:/sdk/imt_sdk_win_64/imt_sdk_win_64/winavr/bin/../lib/gcc/avr/4.3.3/avr5\libgcc.a(_addsub_sf.o)
 .debug_aranges
                0x00000040       0x20 c:/sdk/imt_sdk_win_64/imt_sdk_win_64/winavr/bin/../lib/gcc/avr/4.3.3/avr5\libgcc.a(_mul_sf.o)
 .debug_aranges
                0x00000060       0x20 c:/sdk/imt_sdk_win_64/imt_sdk_win_64/winavr/bin/../lib/gcc/avr/4.3.3/avr5\libgcc.a(_div_sf.o)
 .debug_aranges
                0x00000080       0x20 c:/sdk/imt_sdk_win_64/imt_sdk_win_64/winavr/bin/../lib/gcc/avr/4.3.3/avr5\libgcc.a(_eq_sf.o)
 .debug_aranges
                0x000000a0       0x20 c:/sdk/imt_sdk_win_64/imt_sdk_win_64/winavr/bin/../lib/gcc/avr/4.3.3/avr5\libgcc.a(_gt_sf.o)
 .debug_aranges
                0x000000c0       0x20 c:/sdk/imt_sdk_win_64/imt_sdk_win_64/winavr/bin/../lib/gcc/avr/4.3.3/avr5\libgcc.a(_ge_sf.o)
 .debug_aranges
                0x000000e0       0x20 c:/sdk/imt_sdk_win_64/imt_sdk_win_64/winavr/bin/../lib/gcc/avr/4.3.3/avr5\libgcc.a(_lt_sf.o)
 .debug_aranges
                0x00000100       0x20 c:/sdk/imt_sdk_win_64/imt_sdk_win_64/winavr/bin/../lib/gcc/avr/4.3.3/avr5\libgcc.a(_sf_to_si.o)
 .debug_aranges
                0x00000120       0x20 c:/sdk/imt_sdk_win_64/imt_sdk_win_64/winavr/bin/../lib/gcc/avr/4.3.3/avr5\libgcc.a(_usi_to_sf.o)
 .debug_aranges
                0x00000140       0x20 c:/sdk/imt_sdk_win_64/imt_sdk_win_64/winavr/bin/../lib/gcc/avr/4.3.3/avr5\libgcc.a(_clzsi2.o)
 .debug_aranges
                0x00000160       0x20 c:/sdk/imt_sdk_win_64/imt_sdk_win_64/winavr/bin/../lib/gcc/avr/4.3.3/avr5\libgcc.a(_pack_sf.o)
 .debug_aranges
                0x00000180       0x20 c:/sdk/imt_sdk_win_64/imt_sdk_win_64/winavr/bin/../lib/gcc/avr/4.3.3/avr5\libgcc.a(_unpack_sf.o)
 .debug_aranges
                0x000001a0       0x20 c:/sdk/imt_sdk_win_64/imt_sdk_win_64/winavr/bin/../lib/gcc/avr/4.3.3/avr5\libgcc.a(_fpcmp_parts_sf.o)

.debug_pubnames
                0x00000000      0x210
 *(.debug_pubnames)
 .debug_pubnames
                0x00000000       0x23 c:/sdk/imt_sdk_win_64/imt_sdk_win_64/winavr/bin/../lib/gcc/avr/4.3.3/avr5\libgcc.a(_fixunssfsi.o)
 .debug_pubnames
                0x00000023       0x2c c:/sdk/imt_sdk_win_64/imt_sdk_win_64/winavr/bin/../lib/gcc/avr/4.3.3/avr5\libgcc.a(_addsub_sf.o)
 .debug_pubnames
                0x0000004f       0x1f c:/sdk/imt_sdk_win_64/imt_sdk_win_64/winavr/bin/../lib/gcc/avr/4.3.3/avr5\libgcc.a(_mul_sf.o)
 .debug_pubnames
                0x0000006e       0x1f c:/sdk/imt_sdk_win_64/imt_sdk_win_64/winavr/bin/../lib/gcc/avr/4.3.3/avr5\libgcc.a(_div_sf.o)
 .debug_pubnames
                0x0000008d       0x1e c:/sdk/imt_sdk_win_64/imt_sdk_win_64/winavr/bin/../lib/gcc/avr/4.3.3/avr5\libgcc.a(_eq_sf.o)
 .debug_pubnames
                0x000000ab       0x1e c:/sdk/imt_sdk_win_64/imt_sdk_win_64/winavr/bin/../lib/gcc/avr/4.3.3/avr5\libgcc.a(_gt_sf.o)
 .debug_pubnames
                0x000000c9       0x1e c:/sdk/imt_sdk_win_64/imt_sdk_win_64/winavr/bin/../lib/gcc/avr/4.3.3/avr5\libgcc.a(_ge_sf.o)
 .debug_pubnames
                0x000000e7       0x1e c:/sdk/imt_sdk_win_64/imt_sdk_win_64/winavr/bin/../lib/gcc/avr/4.3.3/avr5\libgcc.a(_lt_sf.o)
 .debug_pubnames
                0x00000105       0x20 c:/sdk/imt_sdk_win_64/imt_sdk_win_64/winavr/bin/../lib/gcc/avr/4.3.3/avr5\libgcc.a(_sf_to_si.o)
 .debug_pubnames
                0x00000125       0x22 c:/sdk/imt_sdk_win_64/imt_sdk_win_64/winavr/bin/../lib/gcc/avr/4.3.3/avr5\libgcc.a(_thenan_sf.o)
 .debug_pubnames
                0x00000147       0x24 c:/sdk/imt_sdk_win_64/imt_sdk_win_64/winavr/bin/../lib/gcc/avr/4.3.3/avr5\libgcc.a(_usi_to_sf.o)
 .debug_pubnames
                0x0000016b       0x1f c:/sdk/imt_sdk_win_64/imt_sdk_win_64/winavr/bin/../lib/gcc/avr/4.3.3/avr5\libgcc.a(_clzsi2.o)
 .debug_pubnames
                0x0000018a       0x1f c:/sdk/imt_sdk_win_64/imt_sdk_win_64/winavr/bin/../lib/gcc/avr/4.3.3/avr5\libgcc.a(_pack_sf.o)
 .debug_pubnames
                0x000001a9       0x21 c:/sdk/imt_sdk_win_64/imt_sdk_win_64/winavr/bin/../lib/gcc/avr/4.3.3/avr5\libgcc.a(_unpack_sf.o)
 .debug_pubnames
                0x000001ca       0x26 c:/sdk/imt_sdk_win_64/imt_sdk_win_64/winavr/bin/../lib/gcc/avr/4.3.3/avr5\libgcc.a(_fpcmp_parts_sf.o)
 .debug_pubnames
                0x000001f0       0x20 c:/sdk/imt_sdk_win_64/imt_sdk_win_64/winavr/bin/../lib/gcc/avr/4.3.3/avr5\libgcc.a(_clz.o)

.debug_info     0x00000000     0x268a
 *(.debug_info)
 .debug_info    0x00000000       0xb1 c:/sdk/imt_sdk_win_64/imt_sdk_win_64/winavr/bin/../lib/gcc/avr/4.3.3/avr5\libgcc.a(_fixunssfsi.o)
 .debug_info    0x000000b1      0x47a c:/sdk/imt_sdk_win_64/imt_sdk_win_64/winavr/bin/../lib/gcc/avr/4.3.3/avr5\libgcc.a(_addsub_sf.o)
 .debug_info    0x0000052b      0x485 c:/sdk/imt_sdk_win_64/imt_sdk_win_64/winavr/bin/../lib/gcc/avr/4.3.3/avr5\libgcc.a(_mul_sf.o)
 .debug_info    0x000009b0      0x3fc c:/sdk/imt_sdk_win_64/imt_sdk_win_64/winavr/bin/../lib/gcc/avr/4.3.3/avr5\libgcc.a(_div_sf.o)
 .debug_info    0x00000dac      0x27f c:/sdk/imt_sdk_win_64/imt_sdk_win_64/winavr/bin/../lib/gcc/avr/4.3.3/avr5\libgcc.a(_eq_sf.o)
 .debug_info    0x0000102b      0x27f c:/sdk/imt_sdk_win_64/imt_sdk_win_64/winavr/bin/../lib/gcc/avr/4.3.3/avr5\libgcc.a(_gt_sf.o)
 .debug_info    0x000012aa      0x27f c:/sdk/imt_sdk_win_64/imt_sdk_win_64/winavr/bin/../lib/gcc/avr/4.3.3/avr5\libgcc.a(_ge_sf.o)
 .debug_info    0x00001529      0x27f c:/sdk/imt_sdk_win_64/imt_sdk_win_64/winavr/bin/../lib/gcc/avr/4.3.3/avr5\libgcc.a(_lt_sf.o)
 .debug_info    0x000017a8      0x2b0 c:/sdk/imt_sdk_win_64/imt_sdk_win_64/winavr/bin/../lib/gcc/avr/4.3.3/avr5\libgcc.a(_sf_to_si.o)
 .debug_info    0x00001a58      0x12c c:/sdk/imt_sdk_win_64/imt_sdk_win_64/winavr/bin/../lib/gcc/avr/4.3.3/avr5\libgcc.a(_thenan_sf.o)
 .debug_info    0x00001b84      0x206 c:/sdk/imt_sdk_win_64/imt_sdk_win_64/winavr/bin/../lib/gcc/avr/4.3.3/avr5\libgcc.a(_usi_to_sf.o)
 .debug_info    0x00001d8a      0x117 c:/sdk/imt_sdk_win_64/imt_sdk_win_64/winavr/bin/../lib/gcc/avr/4.3.3/avr5\libgcc.a(_clzsi2.o)
 .debug_info    0x00001ea1      0x2df c:/sdk/imt_sdk_win_64/imt_sdk_win_64/winavr/bin/../lib/gcc/avr/4.3.3/avr5\libgcc.a(_pack_sf.o)
 .debug_info    0x00002180      0x251 c:/sdk/imt_sdk_win_64/imt_sdk_win_64/winavr/bin/../lib/gcc/avr/4.3.3/avr5\libgcc.a(_unpack_sf.o)
 .debug_info    0x000023d1      0x210 c:/sdk/imt_sdk_win_64/imt_sdk_win_64/winavr/bin/../lib/gcc/avr/4.3.3/avr5\libgcc.a(_fpcmp_parts_sf.o)
 .debug_info    0x000025e1       0xa9 c:/sdk/imt_sdk_win_64/imt_sdk_win_64/winavr/bin/../lib/gcc/avr/4.3.3/avr5\libgcc.a(_clz.o)
 *(.gnu.linkonce.wi.*)

.debug_abbrev   0x00000000     0x14e0
 *(.debug_abbrev)
 .debug_abbrev  0x00000000       0x5d c:/sdk/imt_sdk_win_64/imt_sdk_win_64/winavr/bin/../lib/gcc/avr/4.3.3/avr5\libgcc.a(_fixunssfsi.o)
 .debug_abbrev  0x0000005d      0x1ea c:/sdk/imt_sdk_win_64/imt_sdk_win_64/winavr/bin/../lib/gcc/avr/4.3.3/avr5\libgcc.a(_addsub_sf.o)
 .debug_abbrev  0x00000247      0x21b c:/sdk/imt_sdk_win_64/imt_sdk_win_64/winavr/bin/../lib/gcc/avr/4.3.3/avr5\libgcc.a(_mul_sf.o)
 .debug_abbrev  0x00000462      0x216 c:/sdk/imt_sdk_win_64/imt_sdk_win_64/winavr/bin/../lib/gcc/avr/4.3.3/avr5\libgcc.a(_div_sf.o)
 .debug_abbrev  0x00000678      0x15a c:/sdk/imt_sdk_win_64/imt_sdk_win_64/winavr/bin/../lib/gcc/avr/4.3.3/avr5\libgcc.a(_eq_sf.o)
 .debug_abbrev  0x000007d2      0x15a c:/sdk/imt_sdk_win_64/imt_sdk_win_64/winavr/bin/../lib/gcc/avr/4.3.3/avr5\libgcc.a(_gt_sf.o)
 .debug_abbrev  0x0000092c      0x15a c:/sdk/imt_sdk_win_64/imt_sdk_win_64/winavr/bin/../lib/gcc/avr/4.3.3/avr5\libgcc.a(_ge_sf.o)
 .debug_abbrev  0x00000a86      0x15a c:/sdk/imt_sdk_win_64/imt_sdk_win_64/winavr/bin/../lib/gcc/avr/4.3.3/avr5\libgcc.a(_lt_sf.o)
 .debug_abbrev  0x00000be0      0x17f c:/sdk/imt_sdk_win_64/imt_sdk_win_64/winavr/bin/../lib/gcc/avr/4.3.3/avr5\libgcc.a(_sf_to_si.o)
 .debug_abbrev  0x00000d5f       0xad c:/sdk/imt_sdk_win_64/imt_sdk_win_64/winavr/bin/../lib/gcc/avr/4.3.3/avr5\libgcc.a(_thenan_sf.o)
 .debug_abbrev  0x00000e0c      0x157 c:/sdk/imt_sdk_win_64/imt_sdk_win_64/winavr/bin/../lib/gcc/avr/4.3.3/avr5\libgcc.a(_usi_to_sf.o)
 .debug_abbrev  0x00000f63       0xc4 c:/sdk/imt_sdk_win_64/imt_sdk_win_64/winavr/bin/../lib/gcc/avr/4.3.3/avr5\libgcc.a(_clzsi2.o)
 .debug_abbrev  0x00001027      0x1c0 c:/sdk/imt_sdk_win_64/imt_sdk_win_64/winavr/bin/../lib/gcc/avr/4.3.3/avr5\libgcc.a(_pack_sf.o)
 .debug_abbrev  0x000011e7      0x154 c:/sdk/imt_sdk_win_64/imt_sdk_win_64/winavr/bin/../lib/gcc/avr/4.3.3/avr5\libgcc.a(_unpack_sf.o)
 .debug_abbrev  0x0000133b      0x13b c:/sdk/imt_sdk_win_64/imt_sdk_win_64/winavr/bin/../lib/gcc/avr/4.3.3/avr5\libgcc.a(_fpcmp_parts_sf.o)
 .debug_abbrev  0x00001476       0x6a c:/sdk/imt_sdk_win_64/imt_sdk_win_64/winavr/bin/../lib/gcc/avr/4.3.3/avr5\libgcc.a(_clz.o)

.debug_line     0x00000000     0x12a9
 *(.debug_line)
 .debug_line    0x00000000       0xa7 c:/sdk/imt_sdk_win_64/imt_sdk_win_64/winavr/bin/../lib/gcc/avr/4.3.3/avr5\libgcc.a(_fixunssfsi.o)
 .debug_line    0x000000a7      0x2af c:/sdk/imt_sdk_win_64/imt_sdk_win_64/winavr/bin/../lib/gcc/avr/4.3.3/avr5\libgcc.a(_addsub_sf.o)
 .debug_line    0x00000356      0x239 c:/sdk/imt_sdk_win_64/imt_sdk_win_64/winavr/bin/../lib/gcc/avr/4.3.3/avr5\libgcc.a(_mul_sf.o)
 .debug_line    0x0000058f      0x1d5 c:/sdk/imt_sdk_win_64/imt_sdk_win_64/winavr/bin/../lib/gcc/avr/4.3.3/avr5\libgcc.a(_div_sf.o)
 .debug_line    0x00000764       0xd3 c:/sdk/imt_sdk_win_64/imt_sdk_win_64/winavr/bin/../lib/gcc/avr/4.3.3/avr5\libgcc.a(_eq_sf.o)
 .debug_line    0x00000837       0xd3 c:/sdk/imt_sdk_win_64/imt_sdk_win_64/winavr/bin/../lib/gcc/avr/4.3.3/avr5\libgcc.a(_gt_sf.o)
 .debug_line    0x0000090a       0xd3 c:/sdk/imt_sdk_win_64/imt_sdk_win_64/winavr/bin/../lib/gcc/avr/4.3.3/avr5\libgcc.a(_ge_sf.o)
 .debug_line    0x000009dd       0xd3 c:/sdk/imt_sdk_win_64/imt_sdk_win_64/winavr/bin/../lib/gcc/avr/4.3.3/avr5\libgcc.a(_lt_sf.o)
 .debug_line    0x00000ab0      0x109 c:/sdk/imt_sdk_win_64/imt_sdk_win_64/winavr/bin/../lib/gcc/avr/4.3.3/avr5\libgcc.a(_sf_to_si.o)
 .debug_line    0x00000bb9       0x90 c:/sdk/imt_sdk_win_64/imt_sdk_win_64/winavr/bin/../lib/gcc/avr/4.3.3/avr5\libgcc.a(_thenan_sf.o)
 .debug_line    0x00000c49      0x133 c:/sdk/imt_sdk_win_64/imt_sdk_win_64/winavr/bin/../lib/gcc/avr/4.3.3/avr5\libgcc.a(_usi_to_sf.o)
 .debug_line    0x00000d7c       0xa5 c:/sdk/imt_sdk_win_64/imt_sdk_win_64/winavr/bin/../lib/gcc/avr/4.3.3/avr5\libgcc.a(_clzsi2.o)
 .debug_line    0x00000e21      0x18a c:/sdk/imt_sdk_win_64/imt_sdk_win_64/winavr/bin/../lib/gcc/avr/4.3.3/avr5\libgcc.a(_pack_sf.o)
 .debug_line    0x00000fab      0x14b c:/sdk/imt_sdk_win_64/imt_sdk_win_64/winavr/bin/../lib/gcc/avr/4.3.3/avr5\libgcc.a(_unpack_sf.o)
 .debug_line    0x000010f6      0x137 c:/sdk/imt_sdk_win_64/imt_sdk_win_64/winavr/bin/../lib/gcc/avr/4.3.3/avr5\libgcc.a(_fpcmp_parts_sf.o)
 .debug_line    0x0000122d       0x7c c:/sdk/imt_sdk_win_64/imt_sdk_win_64/winavr/bin/../lib/gcc/avr/4.3.3/avr5\libgcc.a(_clz.o)

.debug_frame    0x00000000      0x1e0
 *(.debug_frame)
 .debug_frame   0x00000000       0x20 c:/sdk/imt_sdk_win_64/imt_sdk_win_64/winavr/bin/../lib/gcc/avr/4.3.3/avr5\libgcc.a(_fixunssfsi.o)
 .debug_frame   0x00000020       0x40 c:/sdk/imt_sdk_win_64/imt_sdk_win_64/winavr/bin/../lib/gcc/avr/4.3.3/avr5\libgcc.a(_addsub_sf.o)
 .debug_frame   0x00000060       0x20 c:/sdk/imt_sdk_win_64/imt_sdk_win_64/winavr/bin/../lib/gcc/avr/4.3.3/avr5\libgcc.a(_mul_sf.o)
 .debug_frame   0x00000080       0x20 c:/sdk/imt_sdk_win_64/imt_sdk_win_64/winavr/bin/../lib/gcc/avr/4.3.3/avr5\libgcc.a(_div_sf.o)
 .debug_frame   0x000000a0       0x20 c:/sdk/imt_sdk_win_64/imt_sdk_win_64/winavr/bin/../lib/gcc/avr/4.3.3/avr5\libgcc.a(_eq_sf.o)
 .debug_frame   0x000000c0       0x20 c:/sdk/imt_sdk_win_64/imt_sdk_win_64/winavr/bin/../lib/gcc/avr/4.3.3/avr5\libgcc.a(_gt_sf.o)
 .debug_frame   0x000000e0       0x20 c:/sdk/imt_sdk_win_64/imt_sdk_win_64/winavr/bin/../lib/gcc/avr/4.3.3/avr5\libgcc.a(_ge_sf.o)
 .debug_frame   0x00000100       0x20 c:/sdk/imt_sdk_win_64/imt_sdk_win_64/winavr/bin/../lib/gcc/avr/4.3.3/avr5\libgcc.a(_lt_sf.o)
 .debug_frame   0x00000120       0x20 c:/sdk/imt_sdk_win_64/imt_sdk_win_64/winavr/bin/../lib/gcc/avr/4.3.3/avr5\libgcc.a(_sf_to_si.o)
 .debug_frame   0x00000140       0x20 c:/sdk/imt_sdk_win_64/imt_sdk_win_64/winavr/bin/../lib/gcc/avr/4.3.3/avr5\libgcc.a(_usi_to_sf.o)
 .debug_frame   0x00000160       0x20 c:/sdk/imt_sdk_win_64/imt_sdk_win_64/winavr/bin/../lib/gcc/avr/4.3.3/avr5\libgcc.a(_clzsi2.o)
 .debug_frame   0x00000180       0x20 c:/sdk/imt_sdk_win_64/imt_sdk_win_64/winavr/bin/../lib/gcc/avr/4.3.3/avr5\libgcc.a(_pack_sf.o)
 .debug_frame   0x000001a0       0x20 c:/sdk/imt_sdk_win_64/imt_sdk_win_64/winavr/bin/../lib/gcc/avr/4.3.3/avr5\libgcc.a(_unpack_sf.o)
 .debug_frame   0x000001c0       0x20 c:/sdk/imt_sdk_win_64/imt_sdk_win_64/winavr/bin/../lib/gcc/avr/4.3.3/avr5\libgcc.a(_fpcmp_parts_sf.o)

.debug_str      0x00000000      0x2fe
 *(.debug_str)
 .debug_str     0x00000000       0xbf c:/sdk/imt_sdk_win_64/imt_sdk_win_64/winavr/bin/../lib/gcc/avr/4.3.3/avr5\libgcc.a(_fixunssfsi.o)
                                 0xfe (size before relaxing)
 .debug_str     0x000000bf      0x14d c:/sdk/imt_sdk_win_64/imt_sdk_win_64/winavr/bin/../lib/gcc/avr/4.3.3/avr5\libgcc.a(_addsub_sf.o)
                                0x206 (size before relaxing)
 .debug_str     0x0000020c       0x27 c:/sdk/imt_sdk_win_64/imt_sdk_win_64/winavr/bin/../lib/gcc/avr/4.3.3/avr5\libgcc.a(_mul_sf.o)
                                0x1bf (size before relaxing)
 .debug_str     0x00000233       0x35 c:/sdk/imt_sdk_win_64/imt_sdk_win_64/winavr/bin/../lib/gcc/avr/4.3.3/avr5\libgcc.a(_div_sf.o)
                                0x1c8 (size before relaxing)
 .debug_str     0x00000268        0x8 c:/sdk/imt_sdk_win_64/imt_sdk_win_64/winavr/bin/../lib/gcc/avr/4.3.3/avr5\libgcc.a(_eq_sf.o)
                                0x195 (size before relaxing)
 .debug_str     0x00000270        0x8 c:/sdk/imt_sdk_win_64/imt_sdk_win_64/winavr/bin/../lib/gcc/avr/4.3.3/avr5\libgcc.a(_gt_sf.o)
                                0x195 (size before relaxing)
 .debug_str     0x00000278        0x8 c:/sdk/imt_sdk_win_64/imt_sdk_win_64/winavr/bin/../lib/gcc/avr/4.3.3/avr5\libgcc.a(_ge_sf.o)
                                0x195 (size before relaxing)
 .debug_str     0x00000280        0x8 c:/sdk/imt_sdk_win_64/imt_sdk_win_64/winavr/bin/../lib/gcc/avr/4.3.3/avr5\libgcc.a(_lt_sf.o)
                                0x195 (size before relaxing)
 .debug_str     0x00000288        0xa c:/sdk/imt_sdk_win_64/imt_sdk_win_64/winavr/bin/../lib/gcc/avr/4.3.3/avr5\libgcc.a(_sf_to_si.o)
                                0x19e (size before relaxing)
 .debug_str     0x00000000      0x103 c:/sdk/imt_sdk_win_64/imt_sdk_win_64/winavr/bin/../lib/gcc/avr/4.3.3/avr5\libgcc.a(_thenan_sf.o)
 .debug_str     0x00000292       0x21 c:/sdk/imt_sdk_win_64/imt_sdk_win_64/winavr/bin/../lib/gcc/avr/4.3.3/avr5\libgcc.a(_usi_to_sf.o)
                                0x177 (size before relaxing)
 .debug_str     0x000002b3       0x20 c:/sdk/imt_sdk_win_64/imt_sdk_win_64/winavr/bin/../lib/gcc/avr/4.3.3/avr5\libgcc.a(_clzsi2.o)
                                0x111 (size before relaxing)
 .debug_str     0x000002d3       0x10 c:/sdk/imt_sdk_win_64/imt_sdk_win_64/winavr/bin/../lib/gcc/avr/4.3.3/avr5\libgcc.a(_pack_sf.o)
                                0x19d (size before relaxing)
 .debug_str     0x000002e3        0xb c:/sdk/imt_sdk_win_64/imt_sdk_win_64/winavr/bin/../lib/gcc/avr/4.3.3/avr5\libgcc.a(_unpack_sf.o)
                                0x17f (size before relaxing)
 .debug_str     0x000002ee       0x10 c:/sdk/imt_sdk_win_64/imt_sdk_win_64/winavr/bin/../lib/gcc/avr/4.3.3/avr5\libgcc.a(_fpcmp_parts_sf.o)
                                0x163 (size before relaxing)
 .debug_str     0x00000000       0xf4 c:/sdk/imt_sdk_win_64/imt_sdk_win_64/winavr/bin/../lib/gcc/avr/4.3.3/avr5\libgcc.a(_clz.o)

.debug_loc      0x00000000      0x9aa
 *(.debug_loc)
 .debug_loc     0x00000000       0x34 c:/sdk/imt_sdk_win_64/imt_sdk_win_64/winavr/bin/../lib/gcc/avr/4.3.3/avr5\libgcc.a(_fixunssfsi.o)
 .debug_loc     0x00000034      0x32a c:/sdk/imt_sdk_win_64/imt_sdk_win_64/winavr/bin/../lib/gcc/avr/4.3.3/avr5\libgcc.a(_addsub_sf.o)
 .debug_loc     0x0000035e      0x104 c:/sdk/imt_sdk_win_64/imt_sdk_win_64/winavr/bin/../lib/gcc/avr/4.3.3/avr5\libgcc.a(_mul_sf.o)
 .debug_loc     0x00000462       0xc0 c:/sdk/imt_sdk_win_64/imt_sdk_win_64/winavr/bin/../lib/gcc/avr/4.3.3/avr5\libgcc.a(_div_sf.o)
 .debug_loc     0x00000522       0x3c c:/sdk/imt_sdk_win_64/imt_sdk_win_64/winavr/bin/../lib/gcc/avr/4.3.3/avr5\libgcc.a(_eq_sf.o)
 .debug_loc     0x0000055e       0x3c c:/sdk/imt_sdk_win_64/imt_sdk_win_64/winavr/bin/../lib/gcc/avr/4.3.3/avr5\libgcc.a(_gt_sf.o)
 .debug_loc     0x0000059a       0x3c c:/sdk/imt_sdk_win_64/imt_sdk_win_64/winavr/bin/../lib/gcc/avr/4.3.3/avr5\libgcc.a(_ge_sf.o)
 .debug_loc     0x000005d6       0x3c c:/sdk/imt_sdk_win_64/imt_sdk_win_64/winavr/bin/../lib/gcc/avr/4.3.3/avr5\libgcc.a(_lt_sf.o)
 .debug_loc     0x00000612       0x7e c:/sdk/imt_sdk_win_64/imt_sdk_win_64/winavr/bin/../lib/gcc/avr/4.3.3/avr5\libgcc.a(_sf_to_si.o)
 .debug_loc     0x00000690       0x4c c:/sdk/imt_sdk_win_64/imt_sdk_win_64/winavr/bin/../lib/gcc/avr/4.3.3/avr5\libgcc.a(_usi_to_sf.o)
 .debug_loc     0x000006dc       0x94 c:/sdk/imt_sdk_win_64/imt_sdk_win_64/winavr/bin/../lib/gcc/avr/4.3.3/avr5\libgcc.a(_clzsi2.o)
 .debug_loc     0x00000770      0x13e c:/sdk/imt_sdk_win_64/imt_sdk_win_64/winavr/bin/../lib/gcc/avr/4.3.3/avr5\libgcc.a(_pack_sf.o)
 .debug_loc     0x000008ae       0xac c:/sdk/imt_sdk_win_64/imt_sdk_win_64/winavr/bin/../lib/gcc/avr/4.3.3/avr5\libgcc.a(_unpack_sf.o)
 .debug_loc     0x0000095a       0x50 c:/sdk/imt_sdk_win_64/imt_sdk_win_64/winavr/bin/../lib/gcc/avr/4.3.3/avr5\libgcc.a(_fpcmp_parts_sf.o)

.debug_macinfo
 *(.debug_macinfo)
OUTPUT(ProductionLine.elf elf32-avr)
LOAD linker stubs

.debug_ranges   0x00000000       0x50
 .debug_ranges  0x00000000       0x50 c:/sdk/imt_sdk_win_64/imt_sdk_win_64/winavr/bin/../lib/gcc/avr/4.3.3/avr5\libgcc.a(_mul_sf.o)
